// Jest Snapshot v1, https://goo.gl/fbAQLP

exports[`DOM manipulation can to be rendered correctly 1`] = `
<DocumentFragment>
  <!---->
  <div
    class="range-slider__track js-range-slider__track range-slider__track_orientation_horizontal"
    style=""
  >
    
      
    
    
  </div>
  <!---->
</DocumentFragment>
`;
