// Jest Snapshot v1, https://goo.gl/fbAQLP

exports[`DOM manipulation renders correctly 1`] = `
<DocumentFragment>
  <!---->
  <div
    class="range-slider__pips range-slider__pips_orientation-horizontal"
    style=""
  >
    
      
    
    
  </div>
  <!---->
</DocumentFragment>
`;
