// Jest Snapshot v1, https://goo.gl/fbAQLP

exports[`DOM manipulation can to be rendered correctly 1`] = `
<DocumentFragment>
  <!---->
  <div
    class="range-slider__range js-range-slider__range"
    style=""
  />
  <!---->
</DocumentFragment>
`;
